Run started: 2026-05-06T18:55:06.078703
Config: {"lr": 0.0003, "batch_size": 128, "rnn_hidden": 128, "epochs": 25, "weight_decay": 0.0001, "n_classes": 16}
--------------------------------------------------------------------------------
Epoch   1 | Loss: 1.4760 | Train: 0.5803 | Val: 0.6463 | Time: 23.7s | Batch: 0.012s | RAM: 2918 MB | GPU: 89 MB 99% *
Epoch   2 | Loss: 1.1000 | Train: 0.6795 | Val: 0.7139 | Time: 15.6s | Batch: 0.005s | RAM: 2918 MB | GPU: 89 MB 92% *
Epoch   3 | Loss: 0.9768 | Train: 0.7188 | Val: 0.7157 | Time: 15.6s | Batch: 0.005s | RAM: 2918 MB | GPU: 89 MB 97% *
Epoch   4 | Loss: 0.9156 | Train: 0.7354 | Val: 0.7263 | Time: 15.6s | Batch: 0.005s | RAM: 2918 MB | GPU: 89 MB 98% *
Epoch   5 | Loss: 0.8642 | Train: 0.7451 | Val: 0.7354 | Time: 15.6s | Batch: 0.005s | RAM: 2918 MB | GPU: 89 MB 97% *
Epoch   6 | Loss: 0.8282 | Train: 0.7572 | Val: 0.7475 | Time: 15.5s | Batch: 0.005s | RAM: 2918 MB | GPU: 89 MB 98% *
Epoch   7 | Loss: 0.8072 | Train: 0.7644 | Val: 0.7245 | Time: 15.6s | Batch: 0.005s | RAM: 2918 MB | GPU: 89 MB 97%
Epoch   8 | Loss: 0.7715 | Train: 0.7703 | Val: 0.7510 | Time: 15.6s | Batch: 0.005s | RAM: 2918 MB | GPU: 89 MB 99% *
Epoch   9 | Loss: 0.7293 | Train: 0.7838 | Val: 0.7513 | Time: 15.6s | Batch: 0.005s | RAM: 2918 MB | GPU: 89 MB 99% *
Epoch  10 | Loss: 0.7079 | Train: 0.7912 | Val: 0.7584 | Time: 15.5s | Batch: 0.005s | RAM: 2918 MB | GPU: 89 MB 96% *
Epoch  11 | Loss: 0.6722 | Train: 0.7986 | Val: 0.7657 | Time: 15.6s | Batch: 0.005s | RAM: 2918 MB | GPU: 89 MB 98% *
Epoch  12 | Loss: 0.6498 | Train: 0.8068 | Val: 0.7672 | Time: 15.6s | Batch: 0.005s | RAM: 2918 MB | GPU: 89 MB 97% *
Epoch  13 | Loss: 0.6192 | Train: 0.8182 | Val: 0.7655 | Time: 15.6s | Batch: 0.005s | RAM: 2918 MB | GPU: 89 MB 97%
Epoch  14 | Loss: 0.5991 | Train: 0.8195 | Val: 0.7722 | Time: 15.6s | Batch: 0.006s | RAM: 2918 MB | GPU: 89 MB 99% *
Epoch  15 | Loss: 0.5499 | Train: 0.8354 | Val: 0.7569 | Time: 15.6s | Batch: 0.005s | RAM: 2918 MB | GPU: 89 MB 99%
Epoch  16 | Loss: 0.5063 | Train: 0.8494 | Val: 0.7607 | Time: 15.5s | Batch: 0.006s | RAM: 2918 MB | GPU: 89 MB 94%
Epoch  17 | Loss: 0.4999 | Train: 0.8508 | Val: 0.7599 | Time: 15.6s | Batch: 0.005s | RAM: 2918 MB | GPU: 89 MB 94%
Epoch  18 | Loss: 0.4457 | Train: 0.8698 | Val: 0.7534 | Time: 15.6s | Batch: 0.006s | RAM: 2918 MB | GPU: 89 MB 97%
Epoch  19 | Loss: 0.4107 | Train: 0.8789 | Val: 0.7599 | Time: 15.6s | Batch: 0.005s | RAM: 2918 MB | GPU: 89 MB 89%
Epoch  20 | Loss: 0.3834 | Train: 0.8831 | Val: 0.7713 | Time: 15.6s | Batch: 0.006s | RAM: 2918 MB | GPU: 89 MB 99%
Epoch  21 | Loss: 0.3367 | Train: 0.9001 | Val: 0.7484 | Time: 15.5s | Batch: 0.006s | RAM: 2918 MB | GPU: 89 MB 99%
Epoch  22 | Loss: 0.2911 | Train: 0.9141 | Val: 0.7616 | Time: 15.6s | Batch: 0.006s | RAM: 2918 MB | GPU: 89 MB 94%
Epoch  23 | Loss: 0.2599 | Train: 0.9244 | Val: 0.7581 | Time: 15.6s | Batch: 0.006s | RAM: 2918 MB | GPU: 89 MB 98%
Epoch  24 | Loss: 0.2601 | Train: 0.9230 | Val: 0.7116 | Time: 15.6s | Batch: 0.005s | RAM: 2918 MB | GPU: 89 MB 97%
Epoch  25 | Loss: 0.2166 | Train: 0.9347 | Val: 0.7519 | Time: 15.6s | Batch: 0.006s | RAM: 2918 MB | GPU: 89 MB 99%
Val metrics | macro_f1=0.4432 | weighted_f1=0.7437 | balanced_acc=0.4295
--------------------------------------------------------------------------------
Run complete | best_val_acc=0.7722 at epoch 14 | total=397.7s | peak_mem=2918 MB
Artifacts: results\tuning_20260506_180753\phase2\bs_128
