Run started: 2026-05-06T16:28:52.125271
Config: {"run_label": "baseline_overfit", "epochs": 50, "batch_size": 128, "lr": 0.001, "rnn_hidden": 128, "val_split": 0.2, "n_classes": 16, "weight_decay": 0.0, "workers": 16, "data_dir": "data", "dataset_size": 16988}
--------------------------------------------------------------------------------
Epoch   1 | Loss: 1.3814 | Train: 0.5982 | Val: 0.6719 | Time: 57.6s | Batch: 0.053s | RAM: 2836 MB | GPU: 89 MB 98% *
Epoch   2 | Loss: 1.0486 | Train: 0.6918 | Val: 0.7054 | Time: 18.4s | Batch: 0.006s | RAM: 2765 MB | GPU: 89 MB 98% *
Epoch   3 | Loss: 0.9716 | Train: 0.7149 | Val: 0.7290 | Time: 18.1s | Batch: 0.005s | RAM: 2770 MB | GPU: 89 MB 98% *
Epoch   4 | Loss: 0.9140 | Train: 0.7298 | Val: 0.7154 | Time: 17.1s | Batch: 0.005s | RAM: 2780 MB | GPU: 89 MB 99%
Epoch   5 | Loss: 0.8779 | Train: 0.7456 | Val: 0.7242 | Time: 17.0s | Batch: 0.005s | RAM: 2781 MB | GPU: 89 MB 99%
Epoch   6 | Loss: 0.8423 | Train: 0.7500 | Val: 0.7396 | Time: 16.9s | Batch: 0.005s | RAM: 2781 MB | GPU: 89 MB 99% *
Epoch   7 | Loss: 0.8244 | Train: 0.7563 | Val: 0.7237 | Time: 16.7s | Batch: 0.005s | RAM: 2781 MB | GPU: 89 MB 99%
Epoch   8 | Loss: 0.7868 | Train: 0.7648 | Val: 0.7546 | Time: 17.0s | Batch: 0.005s | RAM: 2781 MB | GPU: 89 MB 99% *
Epoch   9 | Loss: 0.7635 | Train: 0.7720 | Val: 0.7351 | Time: 17.0s | Batch: 0.005s | RAM: 2781 MB | GPU: 89 MB 99%
Epoch  10 | Loss: 0.7424 | Train: 0.7802 | Val: 0.7478 | Time: 17.1s | Batch: 0.005s | RAM: 2781 MB | GPU: 89 MB 99%
Epoch  11 | Loss: 0.7197 | Train: 0.7833 | Val: 0.7507 | Time: 16.8s | Batch: 0.005s | RAM: 2781 MB | GPU: 89 MB 99%
Epoch  12 | Loss: 0.6830 | Train: 0.7933 | Val: 0.7334 | Time: 16.9s | Batch: 0.005s | RAM: 2781 MB | GPU: 89 MB 99%
Epoch  13 | Loss: 0.6716 | Train: 0.7967 | Val: 0.7484 | Time: 16.7s | Batch: 0.005s | RAM: 2781 MB | GPU: 89 MB 99%
Epoch  14 | Loss: 0.6519 | Train: 0.8013 | Val: 0.7499 | Time: 17.1s | Batch: 0.005s | RAM: 2781 MB | GPU: 89 MB 99%
Epoch  15 | Loss: 0.6170 | Train: 0.8115 | Val: 0.7446 | Time: 16.9s | Batch: 0.005s | RAM: 2782 MB | GPU: 89 MB 99%
Epoch  16 | Loss: 0.5938 | Train: 0.8219 | Val: 0.7657 | Time: 16.9s | Batch: 0.005s | RAM: 2782 MB | GPU: 89 MB 99% *
Epoch  17 | Loss: 0.5754 | Train: 0.8231 | Val: 0.7557 | Time: 16.8s | Batch: 0.005s | RAM: 2782 MB | GPU: 89 MB 99%
Epoch  18 | Loss: 0.5381 | Train: 0.8355 | Val: 0.7448 | Time: 16.9s | Batch: 0.005s | RAM: 2782 MB | GPU: 89 MB 99%
Epoch  19 | Loss: 0.5090 | Train: 0.8461 | Val: 0.7404 | Time: 16.9s | Batch: 0.005s | RAM: 2782 MB | GPU: 89 MB 99%
Epoch  20 | Loss: 0.4669 | Train: 0.8572 | Val: 0.7640 | Time: 16.6s | Batch: 0.005s | RAM: 2782 MB | GPU: 89 MB 99%
Epoch  21 | Loss: 0.4422 | Train: 0.8631 | Val: 0.7404 | Time: 17.0s | Batch: 0.005s | RAM: 2782 MB | GPU: 89 MB 99%
Epoch  22 | Loss: 0.4176 | Train: 0.8720 | Val: 0.7543 | Time: 17.1s | Batch: 0.005s | RAM: 2782 MB | GPU: 89 MB 99%
Epoch  23 | Loss: 0.3709 | Train: 0.8870 | Val: 0.7560 | Time: 17.8s | Batch: 0.005s | RAM: 2782 MB | GPU: 89 MB 99%
Epoch  24 | Loss: 0.3485 | Train: 0.8923 | Val: 0.7496 | Time: 17.0s | Batch: 0.005s | RAM: 2782 MB | GPU: 89 MB 99%
Epoch  25 | Loss: 0.3038 | Train: 0.9073 | Val: 0.7472 | Time: 17.0s | Batch: 0.005s | RAM: 2782 MB | GPU: 89 MB 99%
Epoch  26 | Loss: 0.2550 | Train: 0.9224 | Val: 0.7310 | Time: 17.0s | Batch: 0.005s | RAM: 2782 MB | GPU: 89 MB 99%
Epoch  27 | Loss: 0.2530 | Train: 0.9193 | Val: 0.7534 | Time: 16.8s | Batch: 0.005s | RAM: 2759 MB | GPU: 89 MB 99%
Epoch  28 | Loss: 0.2143 | Train: 0.9338 | Val: 0.7487 | Time: 16.7s | Batch: 0.005s | RAM: 2759 MB | GPU: 89 MB 99%
Epoch  29 | Loss: 0.1798 | Train: 0.9452 | Val: 0.7463 | Time: 16.8s | Batch: 0.005s | RAM: 2760 MB | GPU: 89 MB 99%
Epoch  30 | Loss: 0.1657 | Train: 0.9506 | Val: 0.7484 | Time: 16.9s | Batch: 0.005s | RAM: 2760 MB | GPU: 89 MB 99%
Epoch  31 | Loss: 0.1760 | Train: 0.9451 | Val: 0.7487 | Time: 16.8s | Batch: 0.005s | RAM: 2760 MB | GPU: 89 MB 99%
Epoch  32 | Loss: 0.1249 | Train: 0.9611 | Val: 0.7416 | Time: 16.7s | Batch: 0.005s | RAM: 2760 MB | GPU: 89 MB 99%
Epoch  33 | Loss: 0.1014 | Train: 0.9703 | Val: 0.7499 | Time: 17.0s | Batch: 0.005s | RAM: 2760 MB | GPU: 89 MB 99%
Epoch  34 | Loss: 0.0846 | Train: 0.9761 | Val: 0.7401 | Time: 16.8s | Batch: 0.005s | RAM: 2760 MB | GPU: 89 MB 99%
Epoch  35 | Loss: 0.1080 | Train: 0.9662 | Val: 0.7284 | Time: 16.9s | Batch: 0.005s | RAM: 2760 MB | GPU: 89 MB 99%
Epoch  36 | Loss: 0.1097 | Train: 0.9665 | Val: 0.7496 | Time: 16.8s | Batch: 0.005s | RAM: 2760 MB | GPU: 89 MB 99%
Epoch  37 | Loss: 0.0776 | Train: 0.9775 | Val: 0.7454 | Time: 17.0s | Batch: 0.005s | RAM: 2760 MB | GPU: 89 MB 99%
Epoch  38 | Loss: 0.0918 | Train: 0.9720 | Val: 0.7540 | Time: 16.9s | Batch: 0.005s | RAM: 2760 MB | GPU: 89 MB 99%
Epoch  39 | Loss: 0.0794 | Train: 0.9760 | Val: 0.7410 | Time: 16.7s | Batch: 0.005s | RAM: 2760 MB | GPU: 89 MB 99%
Epoch  40 | Loss: 0.0779 | Train: 0.9759 | Val: 0.7487 | Time: 16.7s | Batch: 0.005s | RAM: 2760 MB | GPU: 89 MB 99%
Epoch  41 | Loss: 0.0645 | Train: 0.9801 | Val: 0.7457 | Time: 16.7s | Batch: 0.005s | RAM: 2760 MB | GPU: 89 MB 99%
Epoch  42 | Loss: 0.0520 | Train: 0.9857 | Val: 0.7366 | Time: 16.9s | Batch: 0.005s | RAM: 2760 MB | GPU: 89 MB 99%
Epoch  43 | Loss: 0.1239 | Train: 0.9598 | Val: 0.7372 | Time: 17.1s | Batch: 0.005s | RAM: 2760 MB | GPU: 89 MB 99%
Epoch  44 | Loss: 0.0553 | Train: 0.9836 | Val: 0.7446 | Time: 17.1s | Batch: 0.005s | RAM: 2760 MB | GPU: 89 MB 99%
Epoch  45 | Loss: 0.0744 | Train: 0.9776 | Val: 0.7478 | Time: 16.8s | Batch: 0.005s | RAM: 2730 MB | GPU: 89 MB 99%
Epoch  46 | Loss: 0.0894 | Train: 0.9719 | Val: 0.7410 | Time: 16.9s | Batch: 0.005s | RAM: 2730 MB | GPU: 89 MB 99%
Epoch  47 | Loss: 0.0807 | Train: 0.9752 | Val: 0.7516 | Time: 16.9s | Batch: 0.005s | RAM: 2731 MB | GPU: 89 MB 99%
Epoch  48 | Loss: 0.0400 | Train: 0.9876 | Val: 0.7496 | Time: 16.9s | Batch: 0.005s | RAM: 2731 MB | GPU: 89 MB 99%
Epoch  49 | Loss: 0.0354 | Train: 0.9897 | Val: 0.7566 | Time: 16.8s | Batch: 0.005s | RAM: 2731 MB | GPU: 89 MB 99%
Epoch  50 | Loss: 0.0305 | Train: 0.9922 | Val: 0.7572 | Time: 16.9s | Batch: 0.005s | RAM: 2731 MB | GPU: 89 MB 99%
Val metrics | macro_f1=0.4493 | weighted_f1=0.7456 | balanced_acc=0.4336
--------------------------------------------------------------------------------
Run complete | best_val_acc=0.7657 at epoch 16 | total=888.8s | peak_mem=2836 MB
Artifacts: results\baseline_overfit_20260506_162852
