Run started: 2026-05-06T18:48:28.803529
Config: {"lr": 0.0003, "batch_size": 64, "rnn_hidden": 128, "epochs": 25, "weight_decay": 0.0001, "n_classes": 16}
--------------------------------------------------------------------------------
Epoch   1 | Loss: 1.3471 | Train: 0.6159 | Val: 0.6945 | Time: 22.7s | Batch: 0.004s | RAM: 1858 MB | GPU: 49 MB 89% *
Epoch   2 | Loss: 0.9940 | Train: 0.7085 | Val: 0.7034 | Time: 15.5s | Batch: 0.004s | RAM: 1858 MB | GPU: 49 MB 97% *
Epoch   3 | Loss: 0.9136 | Train: 0.7327 | Val: 0.7192 | Time: 15.5s | Batch: 0.004s | RAM: 1848 MB | GPU: 49 MB 96% *
Epoch   4 | Loss: 0.8582 | Train: 0.7481 | Val: 0.7466 | Time: 15.5s | Batch: 0.004s | RAM: 1848 MB | GPU: 49 MB 96% *
Epoch   5 | Loss: 0.8185 | Train: 0.7578 | Val: 0.7534 | Time: 15.4s | Batch: 0.004s | RAM: 1848 MB | GPU: 49 MB 97% *
Epoch   6 | Loss: 0.7843 | Train: 0.7686 | Val: 0.7404 | Time: 15.5s | Batch: 0.004s | RAM: 1848 MB | GPU: 49 MB 96%
Epoch   7 | Loss: 0.7502 | Train: 0.7784 | Val: 0.7572 | Time: 15.5s | Batch: 0.004s | RAM: 1848 MB | GPU: 49 MB 96% *
Epoch   8 | Loss: 0.7157 | Train: 0.7871 | Val: 0.7625 | Time: 15.5s | Batch: 0.004s | RAM: 1848 MB | GPU: 49 MB 96% *
Epoch   9 | Loss: 0.6756 | Train: 0.7992 | Val: 0.7707 | Time: 15.5s | Batch: 0.004s | RAM: 1848 MB | GPU: 49 MB 97% *
Epoch  10 | Loss: 0.6442 | Train: 0.8067 | Val: 0.7622 | Time: 15.5s | Batch: 0.004s | RAM: 1848 MB | GPU: 49 MB 97%
Epoch  11 | Loss: 0.6173 | Train: 0.8167 | Val: 0.7740 | Time: 15.5s | Batch: 0.004s | RAM: 1848 MB | GPU: 49 MB 97% *
Epoch  12 | Loss: 0.5798 | Train: 0.8291 | Val: 0.7693 | Time: 15.5s | Batch: 0.004s | RAM: 1848 MB | GPU: 49 MB 97%
Epoch  13 | Loss: 0.5398 | Train: 0.8379 | Val: 0.7660 | Time: 15.5s | Batch: 0.004s | RAM: 1848 MB | GPU: 49 MB 96%
Epoch  14 | Loss: 0.5032 | Train: 0.8494 | Val: 0.7669 | Time: 15.5s | Batch: 0.004s | RAM: 1848 MB | GPU: 49 MB 96%
Epoch  15 | Loss: 0.4581 | Train: 0.8670 | Val: 0.7660 | Time: 15.5s | Batch: 0.004s | RAM: 1848 MB | GPU: 49 MB 97%
Epoch  16 | Loss: 0.4206 | Train: 0.8738 | Val: 0.7696 | Time: 15.5s | Batch: 0.004s | RAM: 1848 MB | GPU: 49 MB 96%
Epoch  17 | Loss: 0.3838 | Train: 0.8867 | Val: 0.7666 | Time: 15.5s | Batch: 0.004s | RAM: 1848 MB | GPU: 49 MB 97%
Epoch  18 | Loss: 0.3325 | Train: 0.9024 | Val: 0.7666 | Time: 15.5s | Batch: 0.004s | RAM: 1848 MB | GPU: 49 MB 97%
Epoch  19 | Loss: 0.2900 | Train: 0.9180 | Val: 0.7572 | Time: 15.5s | Batch: 0.004s | RAM: 1848 MB | GPU: 49 MB 96%
Epoch  20 | Loss: 0.2520 | Train: 0.9259 | Val: 0.7660 | Time: 15.5s | Batch: 0.004s | RAM: 1848 MB | GPU: 49 MB 96%
Epoch  21 | Loss: 0.2264 | Train: 0.9338 | Val: 0.7572 | Time: 15.5s | Batch: 0.004s | RAM: 1848 MB | GPU: 49 MB 97%
Epoch  22 | Loss: 0.1957 | Train: 0.9428 | Val: 0.7663 | Time: 15.5s | Batch: 0.004s | RAM: 1848 MB | GPU: 49 MB 96%
Epoch  23 | Loss: 0.1503 | Train: 0.9571 | Val: 0.7381 | Time: 15.5s | Batch: 0.004s | RAM: 1848 MB | GPU: 49 MB 96%
Epoch  24 | Loss: 0.1509 | Train: 0.9553 | Val: 0.7493 | Time: 15.5s | Batch: 0.004s | RAM: 1848 MB | GPU: 49 MB 96%
Epoch  25 | Loss: 0.1230 | Train: 0.9643 | Val: 0.7404 | Time: 15.5s | Batch: 0.004s | RAM: 1848 MB | GPU: 49 MB 96%
Val metrics | macro_f1=0.4374 | weighted_f1=0.7413 | balanced_acc=0.4264
--------------------------------------------------------------------------------
Run complete | best_val_acc=0.7740 at epoch 11 | total=394.8s | peak_mem=1858 MB
Artifacts: results\tuning_20260506_180753\phase2\bs_64
