Run started: 2026-05-06T18:07:53.964243
Config: {"lr": 0.0001, "batch_size": 32, "rnn_hidden": 128, "epochs": 25, "weight_decay": 0.0001, "n_classes": 16}
--------------------------------------------------------------------------------
Epoch   1 | Loss: 1.3860 | Train: 0.6051 | Val: 0.6642 | Time: 23.2s | Batch: 0.004s | RAM: 1738 MB | GPU: 49 MB 91% *
Epoch   2 | Loss: 1.0478 | Train: 0.6952 | Val: 0.7142 | Time: 15.9s | Batch: 0.003s | RAM: 1739 MB | GPU: 49 MB 94% *
Epoch   3 | Loss: 0.9475 | Train: 0.7269 | Val: 0.7225 | Time: 15.9s | Batch: 0.003s | RAM: 1739 MB | GPU: 49 MB 93% *
Epoch   4 | Loss: 0.8941 | Train: 0.7383 | Val: 0.7378 | Time: 15.9s | Batch: 0.003s | RAM: 1739 MB | GPU: 49 MB 95% *
Epoch   5 | Loss: 0.8537 | Train: 0.7500 | Val: 0.7457 | Time: 15.9s | Batch: 0.003s | RAM: 1739 MB | GPU: 49 MB 95% *
Epoch   6 | Loss: 0.8232 | Train: 0.7599 | Val: 0.7416 | Time: 15.9s | Batch: 0.003s | RAM: 1739 MB | GPU: 49 MB 94%
Epoch   7 | Loss: 0.7913 | Train: 0.7654 | Val: 0.7490 | Time: 16.0s | Batch: 0.003s | RAM: 1739 MB | GPU: 49 MB 94% *
Epoch   8 | Loss: 0.7619 | Train: 0.7767 | Val: 0.7572 | Time: 15.9s | Batch: 0.003s | RAM: 1739 MB | GPU: 49 MB 95% *
Epoch   9 | Loss: 0.7391 | Train: 0.7802 | Val: 0.7554 | Time: 16.0s | Batch: 0.003s | RAM: 1739 MB | GPU: 49 MB 95%
Epoch  10 | Loss: 0.7037 | Train: 0.7901 | Val: 0.7510 | Time: 16.0s | Batch: 0.003s | RAM: 1739 MB | GPU: 49 MB 94%
Epoch  11 | Loss: 0.6792 | Train: 0.7976 | Val: 0.7599 | Time: 16.2s | Batch: 0.003s | RAM: 1739 MB | GPU: 49 MB 95% *
Epoch  12 | Loss: 0.6539 | Train: 0.8054 | Val: 0.7681 | Time: 16.0s | Batch: 0.003s | RAM: 1739 MB | GPU: 49 MB 94% *
Epoch  13 | Loss: 0.6296 | Train: 0.8144 | Val: 0.7593 | Time: 16.0s | Batch: 0.003s | RAM: 1739 MB | GPU: 49 MB 96%
Epoch  14 | Loss: 0.5947 | Train: 0.8261 | Val: 0.7619 | Time: 16.0s | Batch: 0.003s | RAM: 1739 MB | GPU: 49 MB 95%
Epoch  15 | Loss: 0.5645 | Train: 0.8319 | Val: 0.7687 | Time: 16.0s | Batch: 0.003s | RAM: 1739 MB | GPU: 49 MB 95% *
Epoch  16 | Loss: 0.5248 | Train: 0.8462 | Val: 0.7681 | Time: 16.0s | Batch: 0.003s | RAM: 1739 MB | GPU: 49 MB 96%
Epoch  17 | Loss: 0.4880 | Train: 0.8566 | Val: 0.7672 | Time: 16.0s | Batch: 0.003s | RAM: 1739 MB | GPU: 49 MB 96%
Epoch  18 | Loss: 0.4628 | Train: 0.8623 | Val: 0.7625 | Time: 16.0s | Batch: 0.003s | RAM: 1739 MB | GPU: 49 MB 95%
Epoch  19 | Loss: 0.4165 | Train: 0.8783 | Val: 0.7702 | Time: 16.0s | Batch: 0.003s | RAM: 1739 MB | GPU: 49 MB 94% *
Epoch  20 | Loss: 0.3867 | Train: 0.8847 | Val: 0.7660 | Time: 16.0s | Batch: 0.003s | RAM: 1739 MB | GPU: 49 MB 94%
Epoch  21 | Loss: 0.3695 | Train: 0.8910 | Val: 0.7584 | Time: 16.0s | Batch: 0.003s | RAM: 1739 MB | GPU: 49 MB 94%
Epoch  22 | Loss: 0.3148 | Train: 0.9117 | Val: 0.7669 | Time: 15.9s | Batch: 0.003s | RAM: 1739 MB | GPU: 49 MB 95%
Epoch  23 | Loss: 0.2910 | Train: 0.9151 | Val: 0.7569 | Time: 15.9s | Batch: 0.003s | RAM: 1739 MB | GPU: 49 MB 95%
Epoch  24 | Loss: 0.2691 | Train: 0.9226 | Val: 0.7554 | Time: 16.0s | Batch: 0.003s | RAM: 1739 MB | GPU: 49 MB 95%
Epoch  25 | Loss: 0.2360 | Train: 0.9322 | Val: 0.7581 | Time: 15.9s | Batch: 0.003s | RAM: 1739 MB | GPU: 49 MB 95%
Val metrics | macro_f1=0.4287 | weighted_f1=0.7406 | balanced_acc=0.4040
--------------------------------------------------------------------------------
Run complete | best_val_acc=0.7702 at epoch 19 | total=406.5s | peak_mem=1739 MB
Artifacts: results\tuning_20260506_180753\phase1\lr_1e-04
